exports[`Layout Component match snapshot 1`] = `
<div
  className="layout">
  <header
    className="layout-header">
    header
  </header>
  <div
    className="layout-body">
    <aside
      className="layout-aside">
      aside
    </aside>
    <div
      className="layout-content">
      content
    </div>
  </div>
</div>
`;
